        conname         
------------------------
 part_uniq_const_pkey
 part_uniq_const_unique
(2 rows)

